inserted 3
 ____________________________________________
| id           | name         | age          |
|______________|______________|______________|
| 1            | Ada Lovelace | 36           |
|______________|______________|______________|
| 2            | Alan Turing  | 41           |
|______________|______________|______________|
| 3            | Grace Hopper | 85           |
|______________|______________|______________|
 _____________________________
| name         | age          |
|______________|______________|
| Grace Hopper | 85           |
|______________|______________|
| Alan Turing  | 41           |
|______________|______________|
updated 1
removed 1
2
2 ["id", "name", "age"]
person: Ada Lovelace
person: Grace Hopper
 _____________________________
| id           | name         |
|______________|______________|
| 1            | Ada Lovelace |
|______________|______________|
 ______________
| name         |
|______________|
| Grace Hopper |
|______________|
